// Jest Snapshot v1, https://goo.gl/fbAQLP

exports[`Organisms/Forms CreateNewArticleFormExample smoke-test 1`] = `
<form class="sc-gXCJSa kpUsKL">
  <div class="sc-hBpgZr blYtEN">
    <h1>
      Create new article
    </h1>
    <button variant="standard"
            colortheme="primary"
            type="submit"
            class="sc-dkjKgF iJlhGR"
    >
      Publish article
    </button>
  </div>
  <div>
    <div class="sc-jSwlEQ eeEroX">
      <label for="Article title">
        Article title
      </label>
      <input placeholder="My new article"
             id="Article title"
             class="sc-hLclGa iSKFPv"
             value="Article title"
      >
    </div>
    <span class="sc-ipMvLY fOtdNV">
    </span>
  </div>
  <div>
    <div class="sc-ezGUZh fpAwaX">
      <label class="upload-image__label">
        Featured Image
      </label>
      <button variant="standard"
              colortheme="primary"
              type="button"
              class="sc-dkjKgF iJlhGR"
      >
        Upload an Image
      </button>
      <input data-testid="image-uploader"
             type="file"
             accept="image/*"
             style="display: none;"
      >
    </div>
    <span class="sc-ipMvLY fOtdNV">
    </span>
  </div>
  <div>
    <div id="simplemde-editor-1-wrapper">
      <textarea id="simplemde-editor-1"
                placeholder="Supports markdown. Yay!"
                style="display: none;"
      >
      </textarea>
      <div class="EasyMDEContainer"
           role="application"
      >
        <div class="editor-toolbar"
             role="toolbar"
        >
          <button class="bold"
                  type="button"
                  title="Bold (Cmd-B)"
                  aria-label="Bold"
                  tabindex="-1"
          >
            <i class="fa fa-bold">
            </i>
          </button>
          <button class="italic"
                  type="button"
                  title="Italic (Cmd-I)"
                  aria-label="Italic"
                  tabindex="-1"
          >
            <i class="fa fa-italic">
            </i>
          </button>
          <button class="heading"
                  type="button"
                  title="Heading (Cmd-H)"
                  aria-label="Heading"
                  tabindex="-1"
          >
            <i class="fa fa-header fa-heading">
            </i>
          </button>
          <i class="separator">
            |
          </i>
          <button class="quote"
                  type="button"
                  title="Quote (Cmd-')"
                  aria-label="Quote"
                  tabindex="-1"
          >
            <i class="fa fa-quote-left">
            </i>
          </button>
          <button class="unordered-list"
                  type="button"
                  title="Generic List (Cmd-L)"
                  aria-label="Generic List"
                  tabindex="-1"
          >
            <i class="fa fa-list-ul">
            </i>
          </button>
          <button class="ordered-list"
                  type="button"
                  title="Numbered List (Cmd-⌥-L)"
                  aria-label="Numbered List"
                  tabindex="-1"
          >
            <i class="fa fa-list-ol">
            </i>
          </button>
          <i class="separator">
            |
          </i>
          <button class="link"
                  type="button"
                  title="Create Link (Cmd-K)"
                  aria-label="Create Link"
                  tabindex="-1"
          >
            <i class="fa fa-link">
            </i>
          </button>
          <button class="image"
                  type="button"
                  title="Insert Image (Cmd-⌥-I)"
                  aria-label="Insert Image"
                  tabindex="-1"
          >
            <i class="fa fa-image">
            </i>
          </button>
          <i class="separator">
            |
          </i>
          <button class="preview no-disable"
                  type="button"
                  title="Toggle Preview (Cmd-P)"
                  aria-label="Toggle Preview"
                  tabindex="-1"
          >
            <i class="fa fa-eye">
            </i>
          </button>
          <button class="side-by-side no-disable no-mobile"
                  type="button"
                  title="Toggle Side by Side (F9)"
                  aria-label="Toggle Side by Side"
                  tabindex="-1"
          >
            <i class="fa fa-columns">
            </i>
          </button>
          <button class="fullscreen no-disable no-mobile"
                  type="button"
                  title="Toggle Fullscreen (F11)"
                  aria-label="Toggle Fullscreen"
                  tabindex="-1"
          >
            <i class="fa fa-arrows-alt">
            </i>
          </button>
          <i class="separator">
            |
          </i>
          <button class="guide no-disable"
                  type="button"
                  title="Markdown Guide"
                  aria-label="Markdown Guide"
                  tabindex="-1"
          >
            <i class="fa fa-question-circle">
            </i>
          </button>
        </div>
        <div class="CodeMirror cm-s-easymde CodeMirror-wrap"
             translate="no"
             style="clip-path: inset(0px);"
        >
          <div style="overflow: hidden; position: relative; width: 3px; height: 0px; top: 15px; left: 15px;">
            <textarea autocorrect="off"
                      autocapitalize="off"
                      spellcheck="true"
                      tabindex="0"
                      style="position: absolute; bottom: -1em; padding: 0px; width: 1000px; height: 1em; min-height: 1em; outline: none;"
            >
            </textarea>
          </div>
          <div class="CodeMirror-vscrollbar"
               tabindex="-1"
               cm-not-content="true"
               style="width: 18px; visibility: hidden;"
          >
            <div style="min-width: 1px; height: 0px;">
            </div>
          </div>
          <div class="CodeMirror-hscrollbar"
               tabindex="-1"
               cm-not-content="true"
               style="height: 18px;"
          >
            <div style="height: 100%; min-height: 1px; width: 0px;">
            </div>
          </div>
          <div class="CodeMirror-scrollbar-filler"
               cm-not-content="true"
          >
          </div>
          <div class="CodeMirror-gutter-filler"
               cm-not-content="true"
          >
          </div>
          <div class="CodeMirror-scroll"
               tabindex="-1"
               style="min-height: 300px;"
          >
            <div class="CodeMirror-sizer"
                 style="margin-left: 0px; margin-bottom: 0px; border-right-width: 50px; min-height: 67px; padding-right: 0px; padding-bottom: 0px;"
            >
              <div style="position: relative; top: 0px;">
                <div class="CodeMirror-lines"
                     role="presentation"
                >
                  <div role="presentation"
                       style="position: relative; outline: none;"
                  >
                    <div class="CodeMirror-measure">
                      <pre class="CodeMirror-line-like">
                        <span>
                          xxxxxxxxxx
                        </span>
                      </pre>
                    </div>
                    <div class="CodeMirror-measure">
                    </div>
                    <div style="position: relative; z-index: 1;">
                    </div>
                    <div class="CodeMirror-cursors">
                      <div class="CodeMirror-cursor"
                           style="left: 4px; top: 0px; height: 19.5px;"
                      >
                        &nbsp;
                      </div>
                    </div>
                    <div class="CodeMirror-code"
                         role="presentation"
                    >
                      <pre class=" CodeMirror-line "
                           role="presentation"
                      >
                        <span role="presentation"
                              style="padding-right: 0.1px;"
                        >
                          Lorem ipsum dolor sit amet consectetur adipisicing elit. Voluptatum optio nesciunt at asperiores cumque quis, enim, ratione repellendus aliquam perferendis nihil atque facere adipisci nulla neque vel beatae eaque eos. lorem onsectetur adipisicing elit. Voluptatum optio nesciunt at asperiores cumque quis, enim, ratione repellendus aliquam perferendis nihil atque facere adipisci nulla neque vel beatae eaqu
                        </span>
                      </pre>
                    </div>
                  </div>
                </div>
              </div>
            </div>
            <div style="position: absolute; height: 50px; width: 1px; border-bottom: 0px solid transparent; top: 67px;">
            </div>
            <div class="CodeMirror-gutters"
                 style="display: none; height: 117px;"
            >
            </div>
          </div>
        </div>
        <div class="editor-preview-side editor-preview">
        </div>
        <div class="editor-statusbar">
          <span class="autosave">
          </span>
          <span class="lines">
            1
          </span>
          <span class="words">
            55
          </span>
          <span class="cursor">
            1:1
          </span>
        </div>
      </div>
    </div>
    <span class="sc-ipMvLY fOtdNV">
    </span>
  </div>
</form>
`;
