// Jest Snapshot v1, https://goo.gl/fbAQLP

exports[`Molecules/Mobile Menu MobileMenuExample smoke-test 1`] = `
<div class="sc-cwKisF cUdiOH mobile-menu"
     data-testid="mobileMenu"
>
  <div class="mobile-menu__help-div">
    <button class="sc-iJfdHH fSmIGi">
      <svg stroke="currentColor"
           fill="currentColor"
           stroke-width="0"
           viewbox="0 0 24 24"
           width="20px"
           height="20px"
           xmlns="http://www.w3.org/2000/svg"
      >
        <path fill="none"
              stroke="#000"
              stroke-width="2"
              d="M3,3 L21,21 M3,21 L21,3"
        >
        </path>
      </svg>
    </button>
    <nav class="sc-lltjXc hQtBUA">
      <a class="sc-eLSjS sc-bqOBKd cwmAMq bvjZlb">
        Recent articles
      </a>
      <a class="sc-eLSjS sc-bqOBKd cwmAMq bvjZlb">
        About
      </a>
    </nav>
    <a class="sc-ksJisA jEBuxO login-link"
       href="/login"
    >
      <span>
        Login
      </span>
      <svg stroke="currentColor"
           fill="none"
           stroke-width="0"
           viewbox="0 0 24 24"
           height="1em"
           width="1em"
           xmlns="http://www.w3.org/2000/svg"
           style="transform: rotate(180deg);"
      >
        <path stroke-linecap="round"
              stroke-linejoin="round"
              stroke-width="2"
              d="M10 19l-7-7m0 0l7-7m-7 7h18"
        >
        </path>
      </svg>
    </a>
  </div>
</div>
`;
