// Jest Snapshot v1, https://goo.gl/fbAQLP

exports[`Molecules/Login Status LoginStatusExample smoke-test 1`] = `
<div class="sc-ivDvhZ conbia">
  <button aria-label="avatar-button"
          class="sc-fLBbxL bMMNBz"
  >
    <img class="sc-kDnyCx enRCkM avatar"
         src="static/media/src/images/avatar-fallback.png"
         alt="fallback user avatar"
    >
  </button>
  <ul aria-label="admin-menu"
      class="sc-bBbNsw kKnMN"
  >
    <a class="sc-eLSjS cwmAMq"
       href="/admin/my-articles"
    >
      <svg stroke="currentColor"
           fill="currentColor"
           stroke-width="0"
           viewbox="0 0 24 24"
           height="1em"
           width="1em"
           xmlns="http://www.w3.org/2000/svg"
      >
        <g>
          <path fill="none"
                d="M0 0h24v24H0z"
          >
          </path>
          <path d="M12 14v8H4a8 8 0 0 1 8-8zm0-1c-3.315 0-6-2.685-6-6s2.685-6 6-6 6 2.685 6 6-2.685 6-6 6zm9 4h1v5h-8v-5h1v-1a3 3 0 0 1 6 0v1zm-2 0v-1a1 1 0 0 0-2 0v1h2z">
          </path>
        </g>
      </svg>
      <span>
        My Articles
      </span>
    </a>
    <a class="sc-eLSjS cwmAMq"
       href="/"
    >
      <svg stroke="currentColor"
           fill="currentColor"
           stroke-width="0"
           viewbox="0 0 24 24"
           height="1em"
           width="1em"
           xmlns="http://www.w3.org/2000/svg"
      >
        <g>
          <path fill="none"
                d="M0 0h24v24H0z"
          >
          </path>
          <path d="M5 2h14a1 1 0 0 1 1 1v18a1 1 0 0 1-1 1H5a1 1 0 0 1-1-1V3a1 1 0 0 1 1-1zm4 9V8l-5 4 5 4v-3h6v-2H9z">
          </path>
        </g>
      </svg>
      <span>
        Log Out
      </span>
    </a>
  </ul>
</div>
`;
