// Jest Snapshot v1, https://goo.gl/fbAQLP

exports[`Molecules/Edit article ArticleRowButtonsExample smoke-test 1`] = `""`;

exports[`Molecules/Edit article ArticleRowExample smoke-test 1`] = `
<tr data-testid="edit-article-row"
    class="sc-jrkPcm jbOSku edit-article"
>
  <td class="edit-article__checkbox">
    <div class="sc-ftLKQv iibJaj">
      <input type="checkbox"
             class="sc-iBAaJG ciwLrW"
      >
    </div>
  </td>
  <td class="edit-article__title">
    Wet vs. Dry Cat Food: Which is Better?
  </td>
  <td class="edit-article__perex">
    A cat's whiskers — or vibrissae — are a well-honed sensory tool that helps a cat see in the dark and steer clear of hungry predators. Whiskers are highly ...
  </td>
  <td class="edit-article__author">
    author
  </td>
  <td class="edit-article__nr-comments">
  </td>
  <td class="edit-article__actions-container">
    <div class="edit-article__actions">
      <button class="sc-pqitP fWIcxZ edit-article__button-edit">
        <svg stroke="currentColor"
             fill="none"
             stroke-width="2"
             viewbox="0 0 24 24"
             stroke-linecap="round"
             stroke-linejoin="round"
             height="1.2em"
             width="1.2em"
             xmlns="http://www.w3.org/2000/svg"
        >
          <path d="M17 3a2.828 2.828 0 1 1 4 4L7.5 20.5 2 22l1.5-5.5L17 3z">
          </path>
        </svg>
      </button>
      <button class="sc-pqitP fWIcxZ edit-article__button-delete">
        <svg stroke="currentColor"
             fill="currentColor"
             stroke-width="0"
             viewbox="0 0 24 24"
             height="1.2em"
             width="1.2em"
             xmlns="http://www.w3.org/2000/svg"
        >
          <g>
            <path fill="none"
                  d="M0 0h24v24H0z"
            >
            </path>
            <path d="M17 6h5v2h-2v13a1 1 0 0 1-1 1H5a1 1 0 0 1-1-1V8H2V6h5V3a1 1 0 0 1 1-1h8a1 1 0 0 1 1 1v3zm1 2H6v12h12V8zM9 4v2h6V4H9z">
            </path>
          </g>
        </svg>
      </button>
    </div>
  </td>
</tr>
`;
