// Jest Snapshot v1, https://goo.gl/fbAQLP

exports[`Atoms/Error text ErrorTextExample smoke-test 1`] = `
<span class="sc-gKHVLF gugXSe">
  This is error text sample
</span>
`;
